// Jest Snapshot v1, https://goo.gl/fbAQLP

exports[`should return relevant personal details 1`] = `
Object {
  "data": Object {
    "email": "melodyogonna@gmail.com",
    "github": "@melodyogonna",
    "mobile": "08122522386",
    "name": "Anyaegbulam Melody",
    "twitter": "@melodyogonna",
  },
  "message": "rule validation api",
  "status": "success",
}
`;
